
@bd65a84f40a02f024184f3b5743eb77b78c314c739ff9225449b513365a2dfd7<ÅOI÷ÃÖ!ï6±:ã*{ *sign.key.room.v10:encrypt.key.room.v2