
C@ð?«¼Ì©=W¼mVOú[U%ÑÇEá.iPœ@_xÙ©ÿ& ±—¨±¸MHK!wœ=Yºåu_ŽàØ"encrypt.key.room.v2